  CREATE_STREAM @0 {NAME:tc1 T:Transactions SCOPE:uvm_test_top.env.agent.sequencer STREAM:690}
  CREATE_STREAM @192000 {NAME:tc2 T:Transactions SCOPE:uvm_test_top.env.agent.sequencer STREAM:1001}
  CREATE_STREAM @264000 {NAME:tc3 T:Transactions SCOPE:uvm_test_top.env.agent.sequencer STREAM:1139}
  CREATE_STREAM @328000 {NAME:tc4 T:Transactions SCOPE:uvm_test_top.env.agent.sequencer STREAM:1263}
  CREATE_STREAM @552000 {NAME:tc5 T:Transactions SCOPE:uvm_test_top.env.agent.sequencer STREAM:1667}
  CREATE_STREAM @1640000 {NAME:tc6 T:Transactions SCOPE:uvm_test_top.env.agent.sequencer STREAM:3583}
  CREATE_STREAM @1832000 {NAME:tc7 T:Transactions SCOPE:uvm_test_top.env.agent.sequencer STREAM:3931}
  CREATE_STREAM @2024000 {NAME:tc8 T:Transactions SCOPE:uvm_test_top.env.agent.sequencer STREAM:4279}
  CREATE_STREAM @2344000 {NAME:tc9 T:Transactions SCOPE:uvm_test_top.env.agent.sequencer STREAM:4851}
  CREATE_STREAM @9088000 {NAME:tc10 T:Transactions SCOPE:uvm_test_top.env.agent.sequencer STREAM:16665}
  CREATE_STREAM @9216000 {NAME:tc11 T:Transactions SCOPE:uvm_test_top.env.agent.sequencer STREAM:16901}
  CREATE_STREAM @9376000 {NAME:tc12 T:Transactions SCOPE:uvm_test_top.env.agent.sequencer STREAM:17193}
  CREATE_STREAM @9376000 {NAME:stress_random T:Transactions SCOPE:uvm_test_top.env.agent.sequencer STREAM:17201}
  CREATE_STREAM @0 {NAME:tc1 T:Transactions SCOPE:uvm_test_top.env.agent.sequencer STREAM:690}
  CREATE_STREAM @192000 {NAME:tc2 T:Transactions SCOPE:uvm_test_top.env.agent.sequencer STREAM:1001}
  CREATE_STREAM @264000 {NAME:tc3 T:Transactions SCOPE:uvm_test_top.env.agent.sequencer STREAM:1139}
  CREATE_STREAM @328000 {NAME:tc4 T:Transactions SCOPE:uvm_test_top.env.agent.sequencer STREAM:1263}
  CREATE_STREAM @552000 {NAME:tc5 T:Transactions SCOPE:uvm_test_top.env.agent.sequencer STREAM:1667}
  CREATE_STREAM @1640000 {NAME:tc6 T:Transactions SCOPE:uvm_test_top.env.agent.sequencer STREAM:3583}
  CREATE_STREAM @1832000 {NAME:tc7 T:Transactions SCOPE:uvm_test_top.env.agent.sequencer STREAM:3931}
  CREATE_STREAM @2024000 {NAME:tc8 T:Transactions SCOPE:uvm_test_top.env.agent.sequencer STREAM:4279}
  CREATE_STREAM @2344000 {NAME:tc9 T:Transactions SCOPE:uvm_test_top.env.agent.sequencer STREAM:4851}
  CREATE_STREAM @9088000 {NAME:tc10 T:Transactions SCOPE:uvm_test_top.env.agent.sequencer STREAM:16665}
  CREATE_STREAM @9216000 {NAME:tc11 T:Transactions SCOPE:uvm_test_top.env.agent.sequencer STREAM:16901}
  CREATE_STREAM @9376000 {NAME:tc12 T:Transactions SCOPE:uvm_test_top.env.agent.sequencer STREAM:17193}
  CREATE_STREAM @9376000 {NAME:stress_random T:Transactions SCOPE:uvm_test_top.env.agent.sequencer STREAM:17201}
  CREATE_STREAM @0 {NAME:tc1 T:Transactions SCOPE:uvm_test_top.env.agent.sequencer STREAM:690}
  CREATE_STREAM @192000 {NAME:tc2 T:Transactions SCOPE:uvm_test_top.env.agent.sequencer STREAM:1001}
  CREATE_STREAM @264000 {NAME:tc3 T:Transactions SCOPE:uvm_test_top.env.agent.sequencer STREAM:1139}
  CREATE_STREAM @328000 {NAME:tc4 T:Transactions SCOPE:uvm_test_top.env.agent.sequencer STREAM:1263}
  CREATE_STREAM @552000 {NAME:tc5 T:Transactions SCOPE:uvm_test_top.env.agent.sequencer STREAM:1667}
  CREATE_STREAM @1640000 {NAME:tc6 T:Transactions SCOPE:uvm_test_top.env.agent.sequencer STREAM:3583}
  CREATE_STREAM @1832000 {NAME:tc7 T:Transactions SCOPE:uvm_test_top.env.agent.sequencer STREAM:3931}
  CREATE_STREAM @2024000 {NAME:tc8 T:Transactions SCOPE:uvm_test_top.env.agent.sequencer STREAM:4279}
  CREATE_STREAM @2344000 {NAME:tc9 T:Transactions SCOPE:uvm_test_top.env.agent.sequencer STREAM:4851}
  CREATE_STREAM @9088000 {NAME:tc10 T:Transactions SCOPE:uvm_test_top.env.agent.sequencer STREAM:16665}
  CREATE_STREAM @9216000 {NAME:tc11 T:Transactions SCOPE:uvm_test_top.env.agent.sequencer STREAM:16901}
  CREATE_STREAM @9376000 {NAME:tc12 T:Transactions SCOPE:uvm_test_top.env.agent.sequencer STREAM:17193}
  CREATE_STREAM @9376000 {NAME:stress_random T:Transactions SCOPE:uvm_test_top.env.agent.sequencer STREAM:17201}
  CREATE_STREAM @0 {NAME:tc1 T:Transactions SCOPE:uvm_test_top.env.agent.sequencer STREAM:690}
  CREATE_STREAM @192000 {NAME:tc2 T:Transactions SCOPE:uvm_test_top.env.agent.sequencer STREAM:1001}
  CREATE_STREAM @264000 {NAME:tc3 T:Transactions SCOPE:uvm_test_top.env.agent.sequencer STREAM:1139}
  CREATE_STREAM @328000 {NAME:tc4 T:Transactions SCOPE:uvm_test_top.env.agent.sequencer STREAM:1263}
  CREATE_STREAM @552000 {NAME:tc5 T:Transactions SCOPE:uvm_test_top.env.agent.sequencer STREAM:1667}
  CREATE_STREAM @1640000 {NAME:tc6 T:Transactions SCOPE:uvm_test_top.env.agent.sequencer STREAM:3583}
  CREATE_STREAM @1832000 {NAME:tc7 T:Transactions SCOPE:uvm_test_top.env.agent.sequencer STREAM:3931}
  CREATE_STREAM @2024000 {NAME:tc8 T:Transactions SCOPE:uvm_test_top.env.agent.sequencer STREAM:4279}
  CREATE_STREAM @2344000 {NAME:tc9 T:Transactions SCOPE:uvm_test_top.env.agent.sequencer STREAM:4851}
  CREATE_STREAM @9088000 {NAME:tc10 T:Transactions SCOPE:uvm_test_top.env.agent.sequencer STREAM:16665}
  CREATE_STREAM @9216000 {NAME:tc11 T:Transactions SCOPE:uvm_test_top.env.agent.sequencer STREAM:16901}
  CREATE_STREAM @9376000 {NAME:tc12 T:Transactions SCOPE:uvm_test_top.env.agent.sequencer STREAM:17193}
  CREATE_STREAM @9376000 {NAME:stress_random T:Transactions SCOPE:uvm_test_top.env.agent.sequencer STREAM:17201}
  CREATE_STREAM @0 {NAME:tc1 T:Transactions SCOPE:uvm_test_top.env.agent.sequencer STREAM:690}
  CREATE_STREAM @192000 {NAME:tc2 T:Transactions SCOPE:uvm_test_top.env.agent.sequencer STREAM:1001}
  CREATE_STREAM @264000 {NAME:tc3 T:Transactions SCOPE:uvm_test_top.env.agent.sequencer STREAM:1139}
  CREATE_STREAM @328000 {NAME:tc4 T:Transactions SCOPE:uvm_test_top.env.agent.sequencer STREAM:1263}
  CREATE_STREAM @552000 {NAME:tc5 T:Transactions SCOPE:uvm_test_top.env.agent.sequencer STREAM:1667}
  CREATE_STREAM @1640000 {NAME:tc6 T:Transactions SCOPE:uvm_test_top.env.agent.sequencer STREAM:3583}
  CREATE_STREAM @1832000 {NAME:tc7 T:Transactions SCOPE:uvm_test_top.env.agent.sequencer STREAM:3931}
  CREATE_STREAM @2024000 {NAME:tc8 T:Transactions SCOPE:uvm_test_top.env.agent.sequencer STREAM:4279}
  CREATE_STREAM @2344000 {NAME:tc9 T:Transactions SCOPE:uvm_test_top.env.agent.sequencer STREAM:4851}
  CREATE_STREAM @9088000 {NAME:tc10 T:Transactions SCOPE:uvm_test_top.env.agent.sequencer STREAM:16665}
  CREATE_STREAM @9216000 {NAME:tc11 T:Transactions SCOPE:uvm_test_top.env.agent.sequencer STREAM:16901}
  CREATE_STREAM @9376000 {NAME:tc12 T:Transactions SCOPE:uvm_test_top.env.agent.sequencer STREAM:17193}
  CREATE_STREAM @9376000 {NAME:stress_random T:Transactions SCOPE:uvm_test_top.env.agent.sequencer STREAM:17201}
  CREATE_STREAM @0 {NAME:tc1 T:Transactions SCOPE:uvm_test_top.env.agent.sequencer STREAM:690}
  CREATE_STREAM @192000 {NAME:tc2 T:Transactions SCOPE:uvm_test_top.env.agent.sequencer STREAM:1001}
  CREATE_STREAM @264000 {NAME:tc3 T:Transactions SCOPE:uvm_test_top.env.agent.sequencer STREAM:1139}
  CREATE_STREAM @328000 {NAME:tc4 T:Transactions SCOPE:uvm_test_top.env.agent.sequencer STREAM:1263}
  CREATE_STREAM @552000 {NAME:tc5 T:Transactions SCOPE:uvm_test_top.env.agent.sequencer STREAM:1667}
  CREATE_STREAM @1640000 {NAME:tc6 T:Transactions SCOPE:uvm_test_top.env.agent.sequencer STREAM:3583}
  CREATE_STREAM @1832000 {NAME:tc7 T:Transactions SCOPE:uvm_test_top.env.agent.sequencer STREAM:3931}
  CREATE_STREAM @2024000 {NAME:tc8 T:Transactions SCOPE:uvm_test_top.env.agent.sequencer STREAM:4279}
  CREATE_STREAM @2344000 {NAME:tc9 T:Transactions SCOPE:uvm_test_top.env.agent.sequencer STREAM:4851}
  CREATE_STREAM @9088000 {NAME:tc10 T:Transactions SCOPE:uvm_test_top.env.agent.sequencer STREAM:16665}
  CREATE_STREAM @9216000 {NAME:tc11 T:Transactions SCOPE:uvm_test_top.env.agent.sequencer STREAM:16901}
  CREATE_STREAM @9376000 {NAME:tc12 T:Transactions SCOPE:uvm_test_top.env.agent.sequencer STREAM:17193}
  CREATE_STREAM @9376000 {NAME:stress_random T:Transactions SCOPE:uvm_test_top.env.agent.sequencer STREAM:17201}
  CREATE_STREAM @0 {NAME:tc1 T:Transactions SCOPE:uvm_test_top.env.agent.sequencer STREAM:690}
  CREATE_STREAM @192000 {NAME:tc2 T:Transactions SCOPE:uvm_test_top.env.agent.sequencer STREAM:1001}
  CREATE_STREAM @264000 {NAME:tc3 T:Transactions SCOPE:uvm_test_top.env.agent.sequencer STREAM:1139}
  CREATE_STREAM @328000 {NAME:tc4 T:Transactions SCOPE:uvm_test_top.env.agent.sequencer STREAM:1263}
  CREATE_STREAM @552000 {NAME:tc5 T:Transactions SCOPE:uvm_test_top.env.agent.sequencer STREAM:1667}
  CREATE_STREAM @1640000 {NAME:tc6 T:Transactions SCOPE:uvm_test_top.env.agent.sequencer STREAM:3583}
  CREATE_STREAM @1832000 {NAME:tc7 T:Transactions SCOPE:uvm_test_top.env.agent.sequencer STREAM:3931}
  CREATE_STREAM @2024000 {NAME:tc8 T:Transactions SCOPE:uvm_test_top.env.agent.sequencer STREAM:4279}
  CREATE_STREAM @2344000 {NAME:seq_ssd_entry T:Transactions SCOPE:uvm_test_top.env.agent.sequencer STREAM:4851}
  CREATE_STREAM @2512000 {NAME:tc9 T:Transactions SCOPE:uvm_test_top.env.agent.sequencer STREAM:5157}
  CREATE_STREAM @8736000 {NAME:tc10 T:Transactions SCOPE:uvm_test_top.env.agent.sequencer STREAM:16061}
  CREATE_STREAM @8864000 {NAME:tc11 T:Transactions SCOPE:uvm_test_top.env.agent.sequencer STREAM:16297}
  CREATE_STREAM @9024000 {NAME:tc12 T:Transactions SCOPE:uvm_test_top.env.agent.sequencer STREAM:16589}
  CREATE_STREAM @9024000 {NAME:stress_random T:Transactions SCOPE:uvm_test_top.env.agent.sequencer STREAM:16597}
  CREATE_STREAM @0 {NAME:tc1 T:Transactions SCOPE:uvm_test_top.env.agent.sequencer STREAM:700}
  CREATE_STREAM @192000 {NAME:tc2 T:Transactions SCOPE:uvm_test_top.env.agent.sequencer STREAM:1011}
  CREATE_STREAM @264000 {NAME:tc3 T:Transactions SCOPE:uvm_test_top.env.agent.sequencer STREAM:1149}
  CREATE_STREAM @328000 {NAME:tc4 T:Transactions SCOPE:uvm_test_top.env.agent.sequencer STREAM:1273}
  CREATE_STREAM @552000 {NAME:tc5 T:Transactions SCOPE:uvm_test_top.env.agent.sequencer STREAM:1677}
  CREATE_STREAM @1640000 {NAME:tc6 T:Transactions SCOPE:uvm_test_top.env.agent.sequencer STREAM:3593}
  CREATE_STREAM @1832000 {NAME:tc7 T:Transactions SCOPE:uvm_test_top.env.agent.sequencer STREAM:3941}
  CREATE_STREAM @2024000 {NAME:tc8 T:Transactions SCOPE:uvm_test_top.env.agent.sequencer STREAM:4289}
  CREATE_STREAM @2344000 {NAME:seq_ssd_entry T:Transactions SCOPE:uvm_test_top.env.agent.sequencer STREAM:4861}
  CREATE_STREAM @2512000 {NAME:tc9 T:Transactions SCOPE:uvm_test_top.env.agent.sequencer STREAM:5167}
  CREATE_STREAM @8736000 {NAME:tc10 T:Transactions SCOPE:uvm_test_top.env.agent.sequencer STREAM:16071}
  CREATE_STREAM @8864000 {NAME:tc11 T:Transactions SCOPE:uvm_test_top.env.agent.sequencer STREAM:16307}
  CREATE_STREAM @9024000 {NAME:tc12 T:Transactions SCOPE:uvm_test_top.env.agent.sequencer STREAM:16599}
  CREATE_STREAM @9024000 {NAME:stress_random T:Transactions SCOPE:uvm_test_top.env.agent.sequencer STREAM:16607}
  CREATE_STREAM @0 {NAME:tc1 T:Transactions SCOPE:uvm_test_top.env.agent.sequencer STREAM:700}
  CREATE_STREAM @192000 {NAME:tc2 T:Transactions SCOPE:uvm_test_top.env.agent.sequencer STREAM:1011}
  CREATE_STREAM @264000 {NAME:tc3 T:Transactions SCOPE:uvm_test_top.env.agent.sequencer STREAM:1149}
  CREATE_STREAM @328000 {NAME:tc4 T:Transactions SCOPE:uvm_test_top.env.agent.sequencer STREAM:1273}
  CREATE_STREAM @552000 {NAME:tc5 T:Transactions SCOPE:uvm_test_top.env.agent.sequencer STREAM:1677}
  CREATE_STREAM @1640000 {NAME:tc6 T:Transactions SCOPE:uvm_test_top.env.agent.sequencer STREAM:3593}
  CREATE_STREAM @1832000 {NAME:tc7 T:Transactions SCOPE:uvm_test_top.env.agent.sequencer STREAM:3941}
  CREATE_STREAM @2024000 {NAME:tc8 T:Transactions SCOPE:uvm_test_top.env.agent.sequencer STREAM:4289}
  CREATE_STREAM @2344000 {NAME:seq_ssd_entry T:Transactions SCOPE:uvm_test_top.env.agent.sequencer STREAM:4861}
  CREATE_STREAM @2512000 {NAME:tc9 T:Transactions SCOPE:uvm_test_top.env.agent.sequencer STREAM:5167}
  CREATE_STREAM @8736000 {NAME:tc10 T:Transactions SCOPE:uvm_test_top.env.agent.sequencer STREAM:16071}
  CREATE_STREAM @8864000 {NAME:tc11 T:Transactions SCOPE:uvm_test_top.env.agent.sequencer STREAM:16307}
  CREATE_STREAM @9024000 {NAME:tc12 T:Transactions SCOPE:uvm_test_top.env.agent.sequencer STREAM:16599}
  CREATE_STREAM @9024000 {NAME:stress_random T:Transactions SCOPE:uvm_test_top.env.agent.sequencer STREAM:16607}
  CREATE_STREAM @0 {NAME:tc1 T:Transactions SCOPE:uvm_test_top.env.agent.sequencer STREAM:700}
  CREATE_STREAM @192000 {NAME:tc2 T:Transactions SCOPE:uvm_test_top.env.agent.sequencer STREAM:1011}
  CREATE_STREAM @264000 {NAME:tc3 T:Transactions SCOPE:uvm_test_top.env.agent.sequencer STREAM:1149}
  CREATE_STREAM @328000 {NAME:tc4 T:Transactions SCOPE:uvm_test_top.env.agent.sequencer STREAM:1273}
  CREATE_STREAM @552000 {NAME:tc5 T:Transactions SCOPE:uvm_test_top.env.agent.sequencer STREAM:1677}
  CREATE_STREAM @1640000 {NAME:tc6 T:Transactions SCOPE:uvm_test_top.env.agent.sequencer STREAM:3593}
  CREATE_STREAM @1832000 {NAME:tc7 T:Transactions SCOPE:uvm_test_top.env.agent.sequencer STREAM:3941}
  CREATE_STREAM @2024000 {NAME:tc8 T:Transactions SCOPE:uvm_test_top.env.agent.sequencer STREAM:4289}
  CREATE_STREAM @2344000 {NAME:seq_ssd_entry T:Transactions SCOPE:uvm_test_top.env.agent.sequencer STREAM:4861}
  CREATE_STREAM @2512000 {NAME:tc9 T:Transactions SCOPE:uvm_test_top.env.agent.sequencer STREAM:5167}
  CREATE_STREAM @8736000 {NAME:tc10 T:Transactions SCOPE:uvm_test_top.env.agent.sequencer STREAM:16071}
  CREATE_STREAM @8864000 {NAME:tc11 T:Transactions SCOPE:uvm_test_top.env.agent.sequencer STREAM:16307}
  CREATE_STREAM @9024000 {NAME:tc12 T:Transactions SCOPE:uvm_test_top.env.agent.sequencer STREAM:16599}
  CREATE_STREAM @9024000 {NAME:stress_random T:Transactions SCOPE:uvm_test_top.env.agent.sequencer STREAM:16607}
  CREATE_STREAM @0 {NAME:tc1 T:Transactions SCOPE:uvm_test_top.env.agent.sequencer STREAM:701}
  CREATE_STREAM @192000 {NAME:tc2 T:Transactions SCOPE:uvm_test_top.env.agent.sequencer STREAM:1012}
  CREATE_STREAM @264000 {NAME:tc3 T:Transactions SCOPE:uvm_test_top.env.agent.sequencer STREAM:1150}
  CREATE_STREAM @328000 {NAME:tc4 T:Transactions SCOPE:uvm_test_top.env.agent.sequencer STREAM:1274}
  CREATE_STREAM @552000 {NAME:tc5 T:Transactions SCOPE:uvm_test_top.env.agent.sequencer STREAM:1678}
  CREATE_STREAM @1640000 {NAME:tc6 T:Transactions SCOPE:uvm_test_top.env.agent.sequencer STREAM:3594}
  CREATE_STREAM @1832000 {NAME:tc7 T:Transactions SCOPE:uvm_test_top.env.agent.sequencer STREAM:3942}
  CREATE_STREAM @2024000 {NAME:tc8 T:Transactions SCOPE:uvm_test_top.env.agent.sequencer STREAM:4290}
  CREATE_STREAM @2344000 {NAME:seq_ssd_entry T:Transactions SCOPE:uvm_test_top.env.agent.sequencer STREAM:4862}
  CREATE_STREAM @2512000 {NAME:tc9 T:Transactions SCOPE:uvm_test_top.env.agent.sequencer STREAM:5168}
  CREATE_STREAM @8736000 {NAME:tc10 T:Transactions SCOPE:uvm_test_top.env.agent.sequencer STREAM:16072}
  CREATE_STREAM @8864000 {NAME:tc11 T:Transactions SCOPE:uvm_test_top.env.agent.sequencer STREAM:16308}
  CREATE_STREAM @9024000 {NAME:tc12 T:Transactions SCOPE:uvm_test_top.env.agent.sequencer STREAM:16600}
  CREATE_STREAM @9024000 {NAME:stress_random T:Transactions SCOPE:uvm_test_top.env.agent.sequencer STREAM:16608}
  CREATE_STREAM @23416000 {NAME:tc_fsm1 T:Transactions SCOPE:uvm_test_top.env.agent.sequencer STREAM:41808}
  CREATE_STREAM @23672000 {NAME:tc_fsm2 T:Transactions SCOPE:uvm_test_top.env.agent.sequencer STREAM:42268}
  CREATE_STREAM @23960000 {NAME:tc_fsm3 T:Transactions SCOPE:uvm_test_top.env.agent.sequencer STREAM:42784}
  CREATE_STREAM @25656000 {NAME:tc_fsm4 T:Transactions SCOPE:uvm_test_top.env.agent.sequencer STREAM:45764}
  CREATE_STREAM @0 {NAME:tc1 T:Transactions SCOPE:uvm_test_top.env.agent.sequencer STREAM:701}
  CREATE_STREAM @192000 {NAME:tc2 T:Transactions SCOPE:uvm_test_top.env.agent.sequencer STREAM:1012}
  CREATE_STREAM @264000 {NAME:tc3 T:Transactions SCOPE:uvm_test_top.env.agent.sequencer STREAM:1150}
  CREATE_STREAM @328000 {NAME:tc4 T:Transactions SCOPE:uvm_test_top.env.agent.sequencer STREAM:1274}
  CREATE_STREAM @552000 {NAME:tc5 T:Transactions SCOPE:uvm_test_top.env.agent.sequencer STREAM:1678}
  CREATE_STREAM @1640000 {NAME:tc6 T:Transactions SCOPE:uvm_test_top.env.agent.sequencer STREAM:3594}
  CREATE_STREAM @1832000 {NAME:tc7 T:Transactions SCOPE:uvm_test_top.env.agent.sequencer STREAM:3942}
  CREATE_STREAM @2024000 {NAME:tc8 T:Transactions SCOPE:uvm_test_top.env.agent.sequencer STREAM:4290}
  CREATE_STREAM @2344000 {NAME:seq_ssd_entry T:Transactions SCOPE:uvm_test_top.env.agent.sequencer STREAM:4862}
  CREATE_STREAM @2512000 {NAME:tc9 T:Transactions SCOPE:uvm_test_top.env.agent.sequencer STREAM:5168}
  CREATE_STREAM @8736000 {NAME:tc10 T:Transactions SCOPE:uvm_test_top.env.agent.sequencer STREAM:16072}
  CREATE_STREAM @8864000 {NAME:tc11 T:Transactions SCOPE:uvm_test_top.env.agent.sequencer STREAM:16308}
  CREATE_STREAM @9024000 {NAME:tc12 T:Transactions SCOPE:uvm_test_top.env.agent.sequencer STREAM:16600}
  CREATE_STREAM @9024000 {NAME:stress_random T:Transactions SCOPE:uvm_test_top.env.agent.sequencer STREAM:16608}
  CREATE_STREAM @23416000 {NAME:tc_fsm1 T:Transactions SCOPE:uvm_test_top.env.agent.sequencer STREAM:41808}
  CREATE_STREAM @23672000 {NAME:tc_fsm2 T:Transactions SCOPE:uvm_test_top.env.agent.sequencer STREAM:42268}
  CREATE_STREAM @23960000 {NAME:tc_fsm3 T:Transactions SCOPE:uvm_test_top.env.agent.sequencer STREAM:42784}
  CREATE_STREAM @25656000 {NAME:tc_fsm4 T:Transactions SCOPE:uvm_test_top.env.agent.sequencer STREAM:45764}
  CREATE_STREAM @0 {NAME:tc1 T:Transactions SCOPE:uvm_test_top.env.agent.sequencer STREAM:701}
  CREATE_STREAM @192000 {NAME:tc2 T:Transactions SCOPE:uvm_test_top.env.agent.sequencer STREAM:1012}
  CREATE_STREAM @264000 {NAME:tc3 T:Transactions SCOPE:uvm_test_top.env.agent.sequencer STREAM:1150}
  CREATE_STREAM @328000 {NAME:tc4 T:Transactions SCOPE:uvm_test_top.env.agent.sequencer STREAM:1274}
  CREATE_STREAM @552000 {NAME:tc5 T:Transactions SCOPE:uvm_test_top.env.agent.sequencer STREAM:1678}
  CREATE_STREAM @1640000 {NAME:tc6 T:Transactions SCOPE:uvm_test_top.env.agent.sequencer STREAM:3594}
  CREATE_STREAM @1832000 {NAME:tc7 T:Transactions SCOPE:uvm_test_top.env.agent.sequencer STREAM:3942}
  CREATE_STREAM @2024000 {NAME:tc8 T:Transactions SCOPE:uvm_test_top.env.agent.sequencer STREAM:4290}
  CREATE_STREAM @2344000 {NAME:seq_ssd_entry T:Transactions SCOPE:uvm_test_top.env.agent.sequencer STREAM:4862}
  CREATE_STREAM @2512000 {NAME:tc9 T:Transactions SCOPE:uvm_test_top.env.agent.sequencer STREAM:5168}
  CREATE_STREAM @8736000 {NAME:tc10 T:Transactions SCOPE:uvm_test_top.env.agent.sequencer STREAM:16072}
  CREATE_STREAM @8864000 {NAME:tc11 T:Transactions SCOPE:uvm_test_top.env.agent.sequencer STREAM:16308}
  CREATE_STREAM @9024000 {NAME:tc12 T:Transactions SCOPE:uvm_test_top.env.agent.sequencer STREAM:16600}
  CREATE_STREAM @9024000 {NAME:stress_random T:Transactions SCOPE:uvm_test_top.env.agent.sequencer STREAM:16608}
  CREATE_STREAM @23416000 {NAME:tc_fsm1 T:Transactions SCOPE:uvm_test_top.env.agent.sequencer STREAM:41808}
  CREATE_STREAM @23672000 {NAME:tc_fsm2 T:Transactions SCOPE:uvm_test_top.env.agent.sequencer STREAM:42268}
  CREATE_STREAM @23960000 {NAME:tc_fsm3 T:Transactions SCOPE:uvm_test_top.env.agent.sequencer STREAM:42784}
  CREATE_STREAM @25656000 {NAME:tc_fsm4 T:Transactions SCOPE:uvm_test_top.env.agent.sequencer STREAM:45764}
  CREATE_STREAM @0 {NAME:tc1 T:Transactions SCOPE:uvm_test_top.env.agent.sequencer STREAM:701}
  CREATE_STREAM @192000 {NAME:tc2 T:Transactions SCOPE:uvm_test_top.env.agent.sequencer STREAM:1012}
  CREATE_STREAM @264000 {NAME:tc3 T:Transactions SCOPE:uvm_test_top.env.agent.sequencer STREAM:1150}
  CREATE_STREAM @328000 {NAME:tc4 T:Transactions SCOPE:uvm_test_top.env.agent.sequencer STREAM:1274}
  CREATE_STREAM @552000 {NAME:tc5 T:Transactions SCOPE:uvm_test_top.env.agent.sequencer STREAM:1678}
  CREATE_STREAM @1640000 {NAME:tc6 T:Transactions SCOPE:uvm_test_top.env.agent.sequencer STREAM:3594}
  CREATE_STREAM @1832000 {NAME:tc7 T:Transactions SCOPE:uvm_test_top.env.agent.sequencer STREAM:3942}
  CREATE_STREAM @2024000 {NAME:tc8 T:Transactions SCOPE:uvm_test_top.env.agent.sequencer STREAM:4290}
  CREATE_STREAM @2344000 {NAME:tc9 T:Transactions SCOPE:uvm_test_top.env.agent.sequencer STREAM:4862}
  CREATE_STREAM @9088000 {NAME:tc10 T:Transactions SCOPE:uvm_test_top.env.agent.sequencer STREAM:16676}
  CREATE_STREAM @9216000 {NAME:tc11 T:Transactions SCOPE:uvm_test_top.env.agent.sequencer STREAM:16912}
  CREATE_STREAM @9376000 {NAME:tc12 T:Transactions SCOPE:uvm_test_top.env.agent.sequencer STREAM:17204}
  CREATE_STREAM @9376000 {NAME:stress_random T:Transactions SCOPE:uvm_test_top.env.agent.sequencer STREAM:17212}
  CREATE_STREAM @25752000 {NAME:tc13_ssd T:Transactions SCOPE:uvm_test_top.env.agent.sequencer STREAM:45884}
  CREATE_STREAM @25920000 {NAME:tc14_vlong T:Transactions SCOPE:uvm_test_top.env.agent.sequencer STREAM:46190}
  CREATE_STREAM @28480000 {NAME:tc15_long_idle T:Transactions SCOPE:uvm_test_top.env.agent.sequencer STREAM:50682}
  CREATE_STREAM @44480000 {NAME:tc16_pulses T:Transactions SCOPE:uvm_test_top.env.agent.sequencer STREAM:78694}
  CREATE_STREAM @0 {NAME:tc1 T:Transactions SCOPE:uvm_test_top.env.agent.sequencer STREAM:702}
  CREATE_STREAM @192000 {NAME:tc2 T:Transactions SCOPE:uvm_test_top.env.agent.sequencer STREAM:1013}
  CREATE_STREAM @264000 {NAME:tc3 T:Transactions SCOPE:uvm_test_top.env.agent.sequencer STREAM:1151}
  CREATE_STREAM @328000 {NAME:tc4 T:Transactions SCOPE:uvm_test_top.env.agent.sequencer STREAM:1275}
  CREATE_STREAM @552000 {NAME:tc5 T:Transactions SCOPE:uvm_test_top.env.agent.sequencer STREAM:1679}
  CREATE_STREAM @1640000 {NAME:tc6 T:Transactions SCOPE:uvm_test_top.env.agent.sequencer STREAM:3595}
  CREATE_STREAM @1832000 {NAME:tc7 T:Transactions SCOPE:uvm_test_top.env.agent.sequencer STREAM:3943}
  CREATE_STREAM @2024000 {NAME:tc8 T:Transactions SCOPE:uvm_test_top.env.agent.sequencer STREAM:4291}
  CREATE_STREAM @2344000 {NAME:tc9 T:Transactions SCOPE:uvm_test_top.env.agent.sequencer STREAM:4863}
  CREATE_STREAM @9088000 {NAME:tc10 T:Transactions SCOPE:uvm_test_top.env.agent.sequencer STREAM:16677}
  CREATE_STREAM @9216000 {NAME:tc11 T:Transactions SCOPE:uvm_test_top.env.agent.sequencer STREAM:16913}
  CREATE_STREAM @9376000 {NAME:tc12 T:Transactions SCOPE:uvm_test_top.env.agent.sequencer STREAM:17205}
  CREATE_STREAM @9376000 {NAME:stress_random T:Transactions SCOPE:uvm_test_top.env.agent.sequencer STREAM:17213}
  CREATE_STREAM @25752000 {NAME:tc13_ssd T:Transactions SCOPE:uvm_test_top.env.agent.sequencer STREAM:45885}
  CREATE_STREAM @25920000 {NAME:tc14_vlong T:Transactions SCOPE:uvm_test_top.env.agent.sequencer STREAM:46191}
  CREATE_STREAM @28480000 {NAME:tc15_long_idle T:Transactions SCOPE:uvm_test_top.env.agent.sequencer STREAM:50683}
  CREATE_STREAM @44480000 {NAME:tc16_pulses T:Transactions SCOPE:uvm_test_top.env.agent.sequencer STREAM:78695}
  CREATE_STREAM @44760000 {NAME:tc17_fsm_idle T:Transactions SCOPE:uvm_test_top.env.agent.sequencer STREAM:79197}
  CREATE_STREAM @45016000 {NAME:tc18_fsm_full T:Transactions SCOPE:uvm_test_top.env.agent.sequencer STREAM:79657}
  CREATE_STREAM @45304000 {NAME:tc19_fsm_long_tx T:Transactions SCOPE:uvm_test_top.env.agent.sequencer STREAM:80173}
  CREATE_STREAM @47000000 {NAME:tc20_fsm_rapid T:Transactions SCOPE:uvm_test_top.env.agent.sequencer STREAM:83153}
  CREATE_STREAM @0 {NAME:tc1 T:Transactions SCOPE:uvm_test_top.env.agent.sequencer STREAM:702}
  CREATE_STREAM @192000 {NAME:tc2 T:Transactions SCOPE:uvm_test_top.env.agent.sequencer STREAM:1013}
  CREATE_STREAM @264000 {NAME:tc3 T:Transactions SCOPE:uvm_test_top.env.agent.sequencer STREAM:1151}
  CREATE_STREAM @328000 {NAME:tc4 T:Transactions SCOPE:uvm_test_top.env.agent.sequencer STREAM:1275}
  CREATE_STREAM @552000 {NAME:tc5 T:Transactions SCOPE:uvm_test_top.env.agent.sequencer STREAM:1679}
  CREATE_STREAM @1640000 {NAME:tc6 T:Transactions SCOPE:uvm_test_top.env.agent.sequencer STREAM:3595}
  CREATE_STREAM @1832000 {NAME:tc7 T:Transactions SCOPE:uvm_test_top.env.agent.sequencer STREAM:3943}
  CREATE_STREAM @2024000 {NAME:tc8 T:Transactions SCOPE:uvm_test_top.env.agent.sequencer STREAM:4291}
  CREATE_STREAM @2344000 {NAME:tc9 T:Transactions SCOPE:uvm_test_top.env.agent.sequencer STREAM:4863}
  CREATE_STREAM @9088000 {NAME:tc10 T:Transactions SCOPE:uvm_test_top.env.agent.sequencer STREAM:16677}
  CREATE_STREAM @9216000 {NAME:tc11 T:Transactions SCOPE:uvm_test_top.env.agent.sequencer STREAM:16913}
  CREATE_STREAM @9376000 {NAME:tc12 T:Transactions SCOPE:uvm_test_top.env.agent.sequencer STREAM:17205}
  CREATE_STREAM @9376000 {NAME:stress_random T:Transactions SCOPE:uvm_test_top.env.agent.sequencer STREAM:17213}
  CREATE_STREAM @25752000 {NAME:tc13_ssd T:Transactions SCOPE:uvm_test_top.env.agent.sequencer STREAM:45885}
  CREATE_STREAM @25920000 {NAME:tc14_vlong T:Transactions SCOPE:uvm_test_top.env.agent.sequencer STREAM:46191}
  CREATE_STREAM @28480000 {NAME:tc15_long_idle T:Transactions SCOPE:uvm_test_top.env.agent.sequencer STREAM:50683}
  CREATE_STREAM @44480000 {NAME:tc16_pulses T:Transactions SCOPE:uvm_test_top.env.agent.sequencer STREAM:78695}
  CREATE_STREAM @44760000 {NAME:tc17_fsm_idle T:Transactions SCOPE:uvm_test_top.env.agent.sequencer STREAM:79197}
  CREATE_STREAM @45016000 {NAME:tc18_fsm_full T:Transactions SCOPE:uvm_test_top.env.agent.sequencer STREAM:79657}
  CREATE_STREAM @45304000 {NAME:tc19_fsm_long_tx T:Transactions SCOPE:uvm_test_top.env.agent.sequencer STREAM:80173}
  CREATE_STREAM @47000000 {NAME:tc20_fsm_rapid T:Transactions SCOPE:uvm_test_top.env.agent.sequencer STREAM:83153}
  CREATE_STREAM @48600000 {NAME:tc21_idle_lookup_phase T:Transactions SCOPE:uvm_test_top.env.agent.sequencer STREAM:85965}
  CREATE_STREAM @55728000 {NAME:tc22_idle_lookup_pulse T:Transactions SCOPE:uvm_test_top.env.agent.sequencer STREAM:98451}
  CREATE_STREAM @63520000 {NAME:tc23_idle_lookup_random T:Transactions SCOPE:uvm_test_top.env.agent.sequencer STREAM:112099}
  CREATE_STREAM @0 {NAME:tc1 T:Transactions SCOPE:uvm_test_top.env.agent.sequencer STREAM:702}
  CREATE_STREAM @192000 {NAME:tc2 T:Transactions SCOPE:uvm_test_top.env.agent.sequencer STREAM:1013}
  CREATE_STREAM @264000 {NAME:tc3 T:Transactions SCOPE:uvm_test_top.env.agent.sequencer STREAM:1151}
  CREATE_STREAM @328000 {NAME:tc4 T:Transactions SCOPE:uvm_test_top.env.agent.sequencer STREAM:1275}
  CREATE_STREAM @552000 {NAME:tc5 T:Transactions SCOPE:uvm_test_top.env.agent.sequencer STREAM:1679}
  CREATE_STREAM @1640000 {NAME:tc6 T:Transactions SCOPE:uvm_test_top.env.agent.sequencer STREAM:3595}
  CREATE_STREAM @1832000 {NAME:tc7 T:Transactions SCOPE:uvm_test_top.env.agent.sequencer STREAM:3943}
  CREATE_STREAM @2024000 {NAME:tc8 T:Transactions SCOPE:uvm_test_top.env.agent.sequencer STREAM:4291}
  CREATE_STREAM @2344000 {NAME:tc9 T:Transactions SCOPE:uvm_test_top.env.agent.sequencer STREAM:4863}
  CREATE_STREAM @9088000 {NAME:tc10 T:Transactions SCOPE:uvm_test_top.env.agent.sequencer STREAM:16677}
  CREATE_STREAM @9216000 {NAME:tc11 T:Transactions SCOPE:uvm_test_top.env.agent.sequencer STREAM:16913}
  CREATE_STREAM @9376000 {NAME:tc12 T:Transactions SCOPE:uvm_test_top.env.agent.sequencer STREAM:17205}
  CREATE_STREAM @9376000 {NAME:stress_random T:Transactions SCOPE:uvm_test_top.env.agent.sequencer STREAM:17213}
  CREATE_STREAM @25752000 {NAME:tc13_ssd T:Transactions SCOPE:uvm_test_top.env.agent.sequencer STREAM:45885}
  CREATE_STREAM @25920000 {NAME:tc14_vlong T:Transactions SCOPE:uvm_test_top.env.agent.sequencer STREAM:46191}
  CREATE_STREAM @28480000 {NAME:tc15_long_idle T:Transactions SCOPE:uvm_test_top.env.agent.sequencer STREAM:50683}
  CREATE_STREAM @44480000 {NAME:tc16_pulses T:Transactions SCOPE:uvm_test_top.env.agent.sequencer STREAM:78695}
  CREATE_STREAM @44760000 {NAME:tc17_fsm_idle T:Transactions SCOPE:uvm_test_top.env.agent.sequencer STREAM:79197}
  CREATE_STREAM @45016000 {NAME:tc18_fsm_full T:Transactions SCOPE:uvm_test_top.env.agent.sequencer STREAM:79657}
  CREATE_STREAM @45304000 {NAME:tc19_fsm_long_tx T:Transactions SCOPE:uvm_test_top.env.agent.sequencer STREAM:80173}
  CREATE_STREAM @47000000 {NAME:tc20_fsm_rapid T:Transactions SCOPE:uvm_test_top.env.agent.sequencer STREAM:83153}
  CREATE_STREAM @48600000 {NAME:tc21_idle_lookup_phase T:Transactions SCOPE:uvm_test_top.env.agent.sequencer STREAM:85965}
  CREATE_STREAM @55728000 {NAME:tc22_idle_lookup_pulse T:Transactions SCOPE:uvm_test_top.env.agent.sequencer STREAM:98451}
  CREATE_STREAM @63520000 {NAME:tc23_idle_lookup_random T:Transactions SCOPE:uvm_test_top.env.agent.sequencer STREAM:112099}
